// Jest Snapshot v1, https://goo.gl/fbAQLP

exports[`IndexView renders correctly 1`] = `
ShallowWrapper {
  "length": 1,
  Symbol(enzyme.__root__): [Circular],
  Symbol(enzyme.__unrendered__): <WithStyles(IndexView)
    domains={
        Object {
            "domains": Array [],
            "pagination": Object {},
          }
    }
    fetchDomains={[Function]}
/>,
  Symbol(enzyme.__renderer__): Object {
    "batchedUpdates": [Function],
    "getNode": [Function],
    "render": [Function],
    "simulateEvent": [Function],
    "unmount": [Function],
  },
  Symbol(enzyme.__node__): Object {
    "instance": null,
    "key": undefined,
    "nodeType": "class",
    "props": Object {
      "classes": Object {
        "root": "IndexView-root-1",
        "table": "IndexView-table-2",
      },
      "domains": Object {
        "domains": Array [],
        "pagination": Object {},
      },
      "fetchDomains": [Function],
    },
    "ref": null,
    "rendered": null,
    "type": [Function],
  },
  Symbol(enzyme.__nodes__): Array [
    Object {
      "instance": null,
      "key": undefined,
      "nodeType": "class",
      "props": Object {
        "classes": Object {
          "root": "IndexView-root-1",
          "table": "IndexView-table-2",
        },
        "domains": Object {
          "domains": Array [],
          "pagination": Object {},
        },
        "fetchDomains": [Function],
      },
      "ref": null,
      "rendered": null,
      "type": [Function],
    },
  ],
  Symbol(enzyme.__options__): Object {
    "adapter": ReactSixteenAdapter {
      "options": Object {
        "enableComponentDidUpdateOnSetState": true,
      },
    },
  },
}
`;
